(.venv) PS C:\Projects\cloudvienna\.venv\Scripts> git add .
The following paths are ignored by one of your .gitignore files:
.venv/Scripts
hint: Use -f if you really want to add them.
hint: Disable this message with "git config set advice.addIgnoredFile false"
(.venv) PS C:\Projects\cloudvienna\.venv\Scripts> git commit -m 'Last version no db.py'
On branch main
Your branch is up to date with 'origin/main'.

Changes not staged for commit:
  (use "git add <file>..." to update what will be committed)
  (use "git restore <file>..." to discard changes in working directory)
        modified:   ../../run_api.bat
        modified:   ../../ui/attendance.py
        modified:   ../../ui/news_notifications.py

no changes added to commit (use "git add" and/or "git commit -a")
(.venv) PS C:\Projects\cloudvienna\.venv\Scripts> git add ...
fatal: pathspec '...' did not match any files
